// Vitest Snapshot v1, https://vitest.dev/guide/snapshot.html

exports[`ilis client query > throws error when query an invalid instance 1`] = `
[ZodError: [
  {
    "validation": "url",
    "code": "invalid_string",
    "message": "got an invalid ilis instance server url",
    "path": [
      "server",
      "addr"
    ]
  }
]]
`;
